******************************************************************************
                  TI ARM Linker PC v16.12.0                    
******************************************************************************
>> Linked Wed Nov  7 14:42:27 2018

OUTPUT FILE NAME:   <OfenLuefterSteuerung_MAX31855.out>
ENTRY POINT SYMBOL: "_c_int00"  address: 00002601


MEMORY CONFIGURATION

         name            origin    length      used     unused   attr    fill
----------------------  --------  ---------  --------  --------  ----  --------
  FLASH                 00000000   00040000  00002e42  0003d1be  R  X
  SRAM                  20000000   00008000  00000792  0000786e  RW X


SEGMENT ALLOCATION MAP

run origin  load origin   length   init length attrs members
----------  ----------- ---------- ----------- ----- -------
00000000    00000000    00002e48   00002e48    r-x
  00000000    00000000    0000026c   0000026c    r-- .intvecs
  0000026c    0000026c    00002892   00002892    r-x .text
  00002b00    00002b00    0000030c   0000030c    r-- .const
  00002e10    00002e10    00000038   00000038    r-- .cinit
20000000    20000000    00000794   00000000    rw-
  20000000    20000000    0000055a   00000000    rw- .bss
  2000055c    2000055c    00000200   00000000    rw- .stack
  2000075c    2000075c    00000038   00000000    rw- .data


SECTION ALLOCATION MAP

 output                                  attributes/
section   page    origin      length       input sections
--------  ----  ----------  ----------   ----------------
.intvecs   0    00000000    0000026c     
                  00000000    0000026c     tm4c123gh6pm_startup_ccs.obj (.intvecs)

.text      0    0000026c    00002892     
                  0000026c    00000c84     ustdlib.obj (.text)
                  00000ef0    00000878     uartstdio.obj (.text)
                  00001768    00000520     main.obj (.text)
                  00001c88    00000180     S900_Inverter.obj (.text)
                  00001e08    00000180     pinout.obj (.text)
                  00001f88    00000132     driverlib.lib : gpio.obj (.text:GPIOPadConfigSet)
                  000020ba    00000002     rtsv7M4_T_le_v4SPD16_eabi.lib : i_div0.obj (.text)
                  000020bc    00000110     driverlib.lib : sysctl.obj (.text:SysCtlClockGet)
                  000021cc    000000f4                   : sysctl.obj (.text:SysCtlClockSet)
                  000022c0    0000009c     rtsv7M4_T_le_v4SPD16_eabi.lib : memcpy_t2.obj (.text)
                  0000235c    00000080     MAX31855.obj (.text)
                  000023dc    0000007a     rtsv7M4_T_le_v4SPD16_eabi.lib : memset_t2.obj (.text)
                  00002456    00000002                                   : mpu_init.obj (.text)
                  00002458    00000070                                   : autoinit.obj (.text)
                  000024c8    00000068     driverlib.lib : interrupt.obj (.text:IntDisable)
                  00002530    00000068                   : interrupt.obj (.text:IntEnable)
                  00002598    00000068     rtsv7M4_T_le_v4SPD16_eabi.lib : copy_decompress_lzss.obj (.text:decompress:lzss)
                  00002600    00000054                                   : boot.obj (.text)
                  00002654    00000054                                   : exit.obj (.text)
                  000026a8    0000004c                                   : cpy_tbl.obj (.text)
                  000026f4    00000048     driverlib.lib : gpio.obj (.text:GPIOPinConfigure)
                  0000273c    00000046                   : uart.obj (.text:UARTConfigSetExpClk)
                  00002782    00000040     rtsv7M4_T_le_v4SPD16_eabi.lib : u_divt2.obj (.text)
                  000027c2    0000003c     driverlib.lib : ssi.obj (.text:SSIConfigSetExpClk)
                  000027fe    00000002     rtsv7M4_T_le_v4SPD16_eabi.lib : startup.obj (.text)
                  00002800    00000038     driverlib.lib : sysctl.obj (.text:SysCtlPeripheralPresent)
                  00002838    00000036     rtsv7M4_T_le_v4SPD16_eabi.lib : strncpy.obj (.text)
                  0000286e    00000002     --HOLE-- [fill = 0]
                  00002870    00000034     driverlib.lib : sysctl.obj (.text:SysCtlPeripheralEnable)
                  000028a4    0000002a                   : gpio.obj (.text:GPIODirModeSet)
                  000028ce    00000002     --HOLE-- [fill = 0]
                  000028d0    00000020                   : uart.obj (.text:UARTDisable)
                  000028f0    00000018                   : gpio.obj (.text:GPIOPinTypeGPIOOutput)
                  00002908    00000018     rtsv7M4_T_le_v4SPD16_eabi.lib : args_main.obj (.text)
                  00002920    00000014     driverlib.lib : systick.obj (.text:SysTickEnable)
                  00002934    00000014                   : systick.obj (.text:SysTickIntEnable)
                  00002948    00000014                   : uart.obj (.text:UARTEnable)
                  0000295c    00000014     rtsv7M4_T_le_v4SPD16_eabi.lib : _lock.obj (.text)
                  00002970    00000012     driverlib.lib : gpio.obj (.text:GPIOPinTypeCAN)
                  00002982    00000012                   : gpio.obj (.text:GPIOPinTypeGPIOInput)
                  00002994    00000012                   : gpio.obj (.text:GPIOPinTypeSSI)
                  000029a6    00000012                   : gpio.obj (.text:GPIOPinTypeUART)
                  000029b8    00000010                   : fpu.obj (.text:FPUEnable)
                  000029c8    00000010                   : interrupt.obj (.text:IntMasterDisable)
                  000029d8    00000010                   : interrupt.obj (.text:IntMasterEnable)
                  000029e8    00000010                   : systick.obj (.text:SysTickPeriodSet)
                  000029f8    00000010     rtsv7M4_T_le_v4SPD16_eabi.lib : toupper.obj (.text)
                  00002a08    0000000e     driverlib.lib : uart.obj (.text:UARTCharGetNonBlocking)
                  00002a16    0000000e                   : uart.obj (.text:UARTCharPutNonBlocking)
                  00002a24    0000000e                   : uart.obj (.text:UARTCharsAvail)
                  00002a32    0000000e                   : uart.obj (.text:UARTSpaceAvail)
                  00002a40    0000000e     rtsv7M4_T_le_v4SPD16_eabi.lib : copy_decompress_none.obj (.text:decompress:none)
                  00002a4e    0000000c     driverlib.lib : cpu.obj (.text:CPUcpsid)
                  00002a5a    0000000c                   : cpu.obj (.text:CPUcpsie)
                  00002a66    0000000c                   : ssi.obj (.text:SSIDataGet)
                  00002a72    0000000c     rtsv7M4_T_le_v4SPD16_eabi.lib : copy_zero_init.obj (.text:decompress:ZI)
                  00002a7e    0000000c     tm4c123gh6pm_startup_ccs.obj (.text)
                  00002a8a    0000000a     driverlib.lib : ssi.obj (.text:SSIDataPut)
                  00002a94    0000000a                   : ssi.obj (.text:SSIEnable)
                  00002a9e    0000000a                   : uart.obj (.text:UARTCharPut)
                  00002aa8    0000000a                   : uart.obj (.text:UARTFIFOEnable)
                  00002ab2    0000000a                   : uart.obj (.text:UARTIntDisable)
                  00002abc    0000000a                   : uart.obj (.text:UARTIntStatus)
                  00002ac6    00000008                   : ssi.obj (.text:SSIBusy)
                  00002ace    00000008                   : uart.obj (.text:UARTBusy)
                  00002ad6    00000008                   : uart.obj (.text:UARTIntEnable)
                  00002ade    00000006                   : gpio.obj (.text:GPIOPinRead)
                  00002ae4    00000006                   : gpio.obj (.text:GPIOPinWrite)
                  00002aea    00000006                   : sysctl.obj (.text:SysCtlDelay)
                  00002af0    00000006                   : uart.obj (.text:UARTFIFOLevelSet)
                  00002af6    00000004                   : uart.obj (.text:UARTIntClear)
                  00002afa    00000004     rtsv7M4_T_le_v4SPD16_eabi.lib : pre_init.obj (.text)

.const     0    00002b00    0000030c     
                  00002b00    00000101     rtsv7M4_T_le_v4SPD16_eabi.lib : ctype.obj (.const:.string:_ctypes_)
                  00002c01    00000003     --HOLE-- [fill = 0]
                  00002c04    00000090     driverlib.lib : gpio.obj (.const:g_pui32GPIOBaseAddrs)
                  00002c94    00000070                   : interrupt.obj (.const)
                  00002d04    0000006c                   : sysctl.obj (.const:g_pui32Xtals)
                  00002d70    00000030     ustdlib.obj (.const:g_psDaysToMonth)
                  00002da0    00000018     ustdlib.obj (.const:g_pfExponents)
                  00002db8    00000012     uartstdio.obj (.const:.string)
                  00002dca    00000002     --HOLE-- [fill = 0]
                  00002dcc    00000012     ustdlib.obj (.const:.string)
                  00002dde    00000002     --HOLE-- [fill = 0]
                  00002de0    0000000c     uartstdio.obj (.const:g_ui32UARTBase)
                  00002dec    0000000c     uartstdio.obj (.const:g_ui32UARTInt)
                  00002df8    0000000c     uartstdio.obj (.const:g_ui32UARTPeriph)
                  00002e04    00000004     uartstdio.obj (.const)
                  00002e08    00000004     ustdlib.obj (.const)

.cinit     0    00002e10    00000038     
                  00002e10    00000012     (.cinit..data.load) [load image, compression = lzss]
                  00002e22    00000002     --HOLE-- [fill = 0]
                  00002e24    0000000c     (__TI_handler_table)
                  00002e30    00000008     (.cinit..bss.load) [load image, compression = zero_init]
                  00002e38    00000010     (__TI_cinit_table)

.init_array 
*          0    00000000    00000000     UNINITIALIZED

.bss       0    20000000    0000055a     UNINITIALIZED
                  20000000    00000400     uartstdio.obj (.bss:g_pcUARTTxBuffer)
                  20000400    00000080     uartstdio.obj (.bss:g_pcUARTRxBuffer)
                  20000480    00000064     main.obj (.bss:rx_char$3)
                  200004e4    00000064     (.common:g_rx_message)
                  20000548    00000008     uartstdio.obj (.bss)
                  20000550    00000004     (.common:TC_Temperature)
                  20000554    00000004     (.common:max31855_reg)
                  20000558    00000002     main.obj (.bss)

.data      0    2000075c    00000038     UNINITIALIZED
                  2000075c    00000015     uartstdio.obj (.data)
                  20000771    00000003     --HOLE--
                  20000774    0000000c     rtsv7M4_T_le_v4SPD16_eabi.lib : exit.obj (.data:$O1$$)
                  20000780    00000008                                   : _lock.obj (.data:$O1$$)
                  20000788    00000004     main.obj (.data)
                  2000078c    00000004     rtsv7M4_T_le_v4SPD16_eabi.lib : stkdepth_vars.obj (.data)
                  20000790    00000004     ustdlib.obj (.data)

.stack     0    2000055c    00000200     UNINITIALIZED
                  2000055c    00000200     --HOLE--

MODULE SUMMARY

       Module                         code    ro data   rw data
       ------                         ----    -------   -------
    .\
       uartstdio.obj                  2168    58        1181   
       ustdlib.obj                    3204    94        4      
       main.obj                       1312    0         210    
       tm4c123gh6pm_startup_ccs.obj   12      620       0      
       S900_Inverter.obj              384     0         0      
       pinout.obj                     384     0         0      
       MAX31855.obj                   128     0         4      
    +--+------------------------------+-------+---------+---------+
       Total:                         7592    772       1399   
                                                               
    C:/TI/TivaWare_C_Series-2.1.4.178/driverlib/ccs/Debug/driverlib.lib
       sysctl.obj                     630     108       0      
       gpio.obj                       528     144       0      
       interrupt.obj                  240     112       0      
       uart.obj                       244     0         0      
       ssi.obj                        100     0         0      
       systick.obj                    56      0         0      
       cpu.obj                        24      0         0      
       fpu.obj                        16      0         0      
    +--+------------------------------+-------+---------+---------+
       Total:                         1838    364       0      
                                                               
    C:\TI\ccsv6\tools\compiler\ti-cgt-arm_16.12.0.STS\lib\rtsv7M4_T_le_v4SPD16_eabi.lib
       ctype.obj                      0       257       0      
       memcpy_t2.obj                  156     0         0      
       memset_t2.obj                  122     0         0      
       autoinit.obj                   112     0         0      
       copy_decompress_lzss.obj       104     0         0      
       exit.obj                       84      0         12     
       boot.obj                       84      0         0      
       cpy_tbl.obj                    76      0         0      
       u_divt2.obj                    64      0         0      
       strncpy.obj                    54      0         0      
       _lock.obj                      20      0         8      
       args_main.obj                  24      0         0      
       toupper.obj                    16      0         0      
       copy_decompress_none.obj       14      0         0      
       copy_zero_init.obj             12      0         0      
       pre_init.obj                   4       0         0      
       stkdepth_vars.obj              0       0         4      
       i_div0.obj                     2       0         0      
       mpu_init.obj                   2       0         0      
       startup.obj                    2       0         0      
    +--+------------------------------+-------+---------+---------+
       Total:                         952     257       24     
                                                               
       Stack:                         0       0         512    
       Linker Generated:              0       54        0      
    +--+------------------------------+-------+---------+---------+
       Grand Total:                   10382   1447      1935   


LINKER GENERATED COPY TABLES

__TI_cinit_table @ 00002e38 records: 2, size/record: 8, table size: 16
	.data: load addr=00002e10, load size=00000012 bytes, run addr=2000075c, run size=00000038 bytes, compression=lzss
	.bss: load addr=00002e30, load size=00000008 bytes, run addr=20000000, run size=0000055a bytes, compression=zero_init


LINKER GENERATED HANDLER TABLE

__TI_handler_table @ 00002e24 records: 3, size/record: 4, table size: 12
	index: 0, handler: __TI_decompress_lzss
	index: 1, handler: __TI_decompress_none
	index: 2, handler: __TI_zero_init


GLOBAL SYMBOLS: SORTED ALPHABETICALLY BY Name 

address   name                           
-------   ----                           
00002655  C$$EXIT                        
00002a4f  CPUcpsid                       
00002a5b  CPUcpsie                       
000029b9  FPUEnable                      
000028a5  GPIODirModeSet                 
00001f89  GPIOPadConfigSet               
000026f5  GPIOPinConfigure               
00002adf  GPIOPinRead                    
00002971  GPIOPinTypeCAN                 
00002983  GPIOPinTypeGPIOInput           
000028f1  GPIOPinTypeGPIOOutput          
00002995  GPIOPinTypeSSI                 
000029a7  GPIOPinTypeUART                
00002ae5  GPIOPinWrite                   
000024c9  IntDisable                     
00002531  IntEnable                      
000029c9  IntMasterDisable               
000029d9  IntMasterEnable                
00001e09  PinoutSet                      
00002a7f  ResetISR                       
00001c89  S900_send                      
UNDEFED   SHT$$INIT_ARRAY$$Base          
UNDEFED   SHT$$INIT_ARRAY$$Limit         
00002ac7  SSIBusy                        
000027c3  SSIConfigSetExpClk             
00002a67  SSIDataGet                     
00002a8b  SSIDataPut                     
00002a95  SSIEnable                      
000020bd  SysCtlClockGet                 
000021cd  SysCtlClockSet                 
00002aeb  SysCtlDelay                    
00002871  SysCtlPeripheralEnable         
00002801  SysCtlPeripheralPresent        
00002921  SysTickEnable                  
00002935  SysTickIntEnable               
00001769  SysTickIntHandler              
000029e9  SysTickPeriodSet               
20000550  TC_Temperature                 
000017c3  UART0IntHandler                
000017ed  UART1IntHandler                
000018bf  UART2IntHandler                
00002acf  UARTBusy                       
00002a09  UARTCharGetNonBlocking         
00002a9f  UARTCharPut                    
00002a17  UARTCharPutNonBlocking         
00002a25  UARTCharsAvail                 
0000273d  UARTConfigSetExpClk            
000028d1  UARTDisable                    
000015d9  UARTEchoSet                    
00002949  UARTEnable                     
00002aa9  UARTFIFOEnable                 
00002af1  UARTFIFOLevelSet               
00001583  UARTFlushRx                    
000015a3  UARTFlushTx                    
00002af7  UARTIntClear                   
00002ab3  UARTIntDisable                 
00002ad7  UARTIntEnable                  
00002abd  UARTIntStatus                  
00001529  UARTPeek                       
00001507  UARTRxBytesAvail               
00002a33  UARTSpaceAvail                 
00000feb  UARTStdioConfig                
0000160d  UARTStdioIntHandler            
00001515  UARTTxBytesFree                
0000118d  UARTgetc                       
00001111  UARTgets                       
000014e3  UARTprintf                     
000018e9  UARTsend                       
000011e9  UARTvprintf                    
00001071  UARTwrite                      
2000075c  __STACK_END                    
00000200  __STACK_SIZE                   
2000075c  __STACK_TOP                    
00002e38  __TI_CINIT_Base                
00002e48  __TI_CINIT_Limit               
00002e24  __TI_Handler_Table_Base        
00002e30  __TI_Handler_Table_Limit       
00002459  __TI_auto_init                 
20000774  __TI_cleanup_ptr               
00002599  __TI_decompress_lzss           
00002a41  __TI_decompress_none           
20000778  __TI_dtors_ptr                 
2000077c  __TI_enable_exit_profile_output
ffffffff  __TI_pprof_out_hndl            
ffffffff  __TI_prof_data_size            
ffffffff  __TI_prof_data_start           
00000000  __TI_static_base__             
00002a73  __TI_zero_init                 
000020bb  __aeabi_idiv0                  
000023dd  __aeabi_memclr                 
000023dd  __aeabi_memclr4                
000023dd  __aeabi_memclr8                
000022c1  __aeabi_memcpy                 
000022c1  __aeabi_memcpy4                
000022c1  __aeabi_memcpy8                
000023df  __aeabi_memset                 
000023df  __aeabi_memset4                
000023df  __aeabi_memset8                
00002783  __aeabi_uidiv                  
00002783  __aeabi_uidivmod               
ffffffff  __binit__                      
ffffffff  __c_args__                     
00002457  __mpu_init                     
2000055c  __stack                        
00002909  _args_main                     
00002601  _c_int00                       
00002b00  _ctypes_                       
20000780  _lock                          
0000296b  _nop                           
00002963  _register_lock                 
0000295d  _register_unlock               
000027ff  _system_post_cinit             
00002afb  _system_pre_init               
20000784  _unlock                        
00002659  abort                          
ffffffff  binit                          
000026a9  copy_in                        
00002661  exit                           
00000000  g_pfnVectors                   
200004e4  g_rx_message                   
20000789  g_start_the_motor              
20000788  g_tick_1s                      
00001991  main                           
2000078c  main_func_sp                   
0000235d  max31855_read_temp             
20000554  max31855_reg                   
000022c1  memcpy                         
000023e5  memset                         
0000192b  motor                          
00002839  strncpy                        
000029f9  toupper                        
00000751  ulocaltime                     
0000094f  umktime                        
00000ec9  urand                          
00000721  usnprintf                      
000006ef  usprintf                       
00000eb9  usrand                         
00000e31  ustrcasecmp                    
00000ea5  ustrcmp                        
00000d35  ustrlen                        
00000d8d  ustrncasecmp                   
00000e45  ustrncmp                       
0000026d  ustrncpy                       
00000d57  ustrstr                        
00000afd  ustrtof                        
000009c5  ustrtoul                       
000002c5  uvsnprintf                     


GLOBAL SYMBOLS: SORTED BY Symbol Address 

address   name                           
-------   ----                           
00000000  __TI_static_base__             
00000000  g_pfnVectors                   
00000200  __STACK_SIZE                   
0000026d  ustrncpy                       
000002c5  uvsnprintf                     
000006ef  usprintf                       
00000721  usnprintf                      
00000751  ulocaltime                     
0000094f  umktime                        
000009c5  ustrtoul                       
00000afd  ustrtof                        
00000d35  ustrlen                        
00000d57  ustrstr                        
00000d8d  ustrncasecmp                   
00000e31  ustrcasecmp                    
00000e45  ustrncmp                       
00000ea5  ustrcmp                        
00000eb9  usrand                         
00000ec9  urand                          
00000feb  UARTStdioConfig                
00001071  UARTwrite                      
00001111  UARTgets                       
0000118d  UARTgetc                       
000011e9  UARTvprintf                    
000014e3  UARTprintf                     
00001507  UARTRxBytesAvail               
00001515  UARTTxBytesFree                
00001529  UARTPeek                       
00001583  UARTFlushRx                    
000015a3  UARTFlushTx                    
000015d9  UARTEchoSet                    
0000160d  UARTStdioIntHandler            
00001769  SysTickIntHandler              
000017c3  UART0IntHandler                
000017ed  UART1IntHandler                
000018bf  UART2IntHandler                
000018e9  UARTsend                       
0000192b  motor                          
00001991  main                           
00001c89  S900_send                      
00001e09  PinoutSet                      
00001f89  GPIOPadConfigSet               
000020bb  __aeabi_idiv0                  
000020bd  SysCtlClockGet                 
000021cd  SysCtlClockSet                 
000022c1  __aeabi_memcpy                 
000022c1  __aeabi_memcpy4                
000022c1  __aeabi_memcpy8                
000022c1  memcpy                         
0000235d  max31855_read_temp             
000023dd  __aeabi_memclr                 
000023dd  __aeabi_memclr4                
000023dd  __aeabi_memclr8                
000023df  __aeabi_memset                 
000023df  __aeabi_memset4                
000023df  __aeabi_memset8                
000023e5  memset                         
00002457  __mpu_init                     
00002459  __TI_auto_init                 
000024c9  IntDisable                     
00002531  IntEnable                      
00002599  __TI_decompress_lzss           
00002601  _c_int00                       
00002655  C$$EXIT                        
00002659  abort                          
00002661  exit                           
000026a9  copy_in                        
000026f5  GPIOPinConfigure               
0000273d  UARTConfigSetExpClk            
00002783  __aeabi_uidiv                  
00002783  __aeabi_uidivmod               
000027c3  SSIConfigSetExpClk             
000027ff  _system_post_cinit             
00002801  SysCtlPeripheralPresent        
00002839  strncpy                        
00002871  SysCtlPeripheralEnable         
000028a5  GPIODirModeSet                 
000028d1  UARTDisable                    
000028f1  GPIOPinTypeGPIOOutput          
00002909  _args_main                     
00002921  SysTickEnable                  
00002935  SysTickIntEnable               
00002949  UARTEnable                     
0000295d  _register_unlock               
00002963  _register_lock                 
0000296b  _nop                           
00002971  GPIOPinTypeCAN                 
00002983  GPIOPinTypeGPIOInput           
00002995  GPIOPinTypeSSI                 
000029a7  GPIOPinTypeUART                
000029b9  FPUEnable                      
000029c9  IntMasterDisable               
000029d9  IntMasterEnable                
000029e9  SysTickPeriodSet               
000029f9  toupper                        
00002a09  UARTCharGetNonBlocking         
00002a17  UARTCharPutNonBlocking         
00002a25  UARTCharsAvail                 
00002a33  UARTSpaceAvail                 
00002a41  __TI_decompress_none           
00002a4f  CPUcpsid                       
00002a5b  CPUcpsie                       
00002a67  SSIDataGet                     
00002a73  __TI_zero_init                 
00002a7f  ResetISR                       
00002a8b  SSIDataPut                     
00002a95  SSIEnable                      
00002a9f  UARTCharPut                    
00002aa9  UARTFIFOEnable                 
00002ab3  UARTIntDisable                 
00002abd  UARTIntStatus                  
00002ac7  SSIBusy                        
00002acf  UARTBusy                       
00002ad7  UARTIntEnable                  
00002adf  GPIOPinRead                    
00002ae5  GPIOPinWrite                   
00002aeb  SysCtlDelay                    
00002af1  UARTFIFOLevelSet               
00002af7  UARTIntClear                   
00002afb  _system_pre_init               
00002b00  _ctypes_                       
00002e24  __TI_Handler_Table_Base        
00002e30  __TI_Handler_Table_Limit       
00002e38  __TI_CINIT_Base                
00002e48  __TI_CINIT_Limit               
200004e4  g_rx_message                   
20000550  TC_Temperature                 
20000554  max31855_reg                   
2000055c  __stack                        
2000075c  __STACK_END                    
2000075c  __STACK_TOP                    
20000774  __TI_cleanup_ptr               
20000778  __TI_dtors_ptr                 
2000077c  __TI_enable_exit_profile_output
20000780  _lock                          
20000784  _unlock                        
20000788  g_tick_1s                      
20000789  g_start_the_motor              
2000078c  main_func_sp                   
ffffffff  __TI_pprof_out_hndl            
ffffffff  __TI_prof_data_size            
ffffffff  __TI_prof_data_start           
ffffffff  __binit__                      
ffffffff  __c_args__                     
ffffffff  binit                          
UNDEFED   SHT$$INIT_ARRAY$$Base          
UNDEFED   SHT$$INIT_ARRAY$$Limit         

[147 symbols]
